// Jest Snapshot v1, https://goo.gl/fbAQLP

exports[`Desktop Toaster Must match the snapshot 1`] = `
<div
  id="root1"
>
  <div
    class="desktop-toaster"
  >
    <finance-toast
      class="ng-trigger ng-trigger-toast"
    >
      <div
        class="desktop-toast"
      >
        <div
          class="ng-trigger ng-trigger-color color warning"
        />
        <div
          class="message ng-trigger ng-trigger-message_body"
        >
           Toast content 
        </div>
      </div>
    </finance-toast>
    <finance-toast
      class="ng-trigger ng-trigger-toast"
    >
      <div
        class="desktop-toast"
      >
        <div
          class="ng-trigger ng-trigger-color color success"
        />
        <div
          class="message ng-trigger ng-trigger-message_body"
        >
           Toast content 
        </div>
      </div>
    </finance-toast>
    <finance-toast
      class="ng-trigger ng-trigger-toast"
    >
      <div
        class="desktop-toast"
      >
        <div
          class="ng-trigger ng-trigger-color color error"
        />
        <div
          class="message ng-trigger ng-trigger-message_body"
        >
           Toast content 
        </div>
      </div>
    </finance-toast>
    <finance-toast
      class="ng-trigger ng-trigger-toast"
    >
      <div
        class="desktop-toast"
      >
        <div
          class="ng-trigger ng-trigger-color color"
        />
        <div
          class="message ng-trigger ng-trigger-message_body"
        >
           ADD TEST 0 
        </div>
      </div>
    </finance-toast>
    
  </div>
</div>
`;
