// Jest Snapshot v1, https://goo.gl/fbAQLP

exports[`Toast Component Must match the snapshot 1`] = `
<div
  id="root0"
>
  <div
    class="desktop-toast"
  >
    <div
      class="ng-trigger ng-trigger-color color"
    />
    <div
      class="message ng-trigger ng-trigger-message_body"
    >
       Toast content 
    </div>
  </div>
</div>
`;
