// Jest Snapshot v1, https://goo.gl/fbAQLP

exports[`Shared Input Component Must match the snapshot 1`] = `
<div
  id="root1"
>
  <div
    class="checkbox"
  >
    <input
      id="TEST"
      type="checkbox"
    />
    <label
      for="TEST"
    >
      TEST
    </label>
  </div>
</div>
`;
