// Jest Snapshot v1, https://goo.gl/fbAQLP

exports[`Desktop Shell Component Must match the snapshot 1`] = `
<div
  id="root1"
>
  <finance-toast-tray>
    <div
      class="desktop-toaster"
    >
      
    </div>
  </finance-toast-tray>
</div>
`;
